<html>
<body>
<pre>
<h1>µVision Build Log</h1>
<h2>Tool Versions:</h2>
IDE-Version: ¦ÌVision V5.26.2.0
Copyright (C) 2018 ARM Ltd and ARM Germany GmbH. All rights reserved.
License Information: x xx, xxx, LIC=JDA0P-MYEA4-TLECD-83XU2-0VQYD-CE1KQ
 
Tool Versions:
Toolchain:       MDK-ARM Professional  Version: 5.26.2.0
Toolchain Path:  D:\Keil_v526\ARM\ARMCC\Bin
C Compiler:      Armcc.exe V5.06 update 6 (build 750)
Assembler:       Armasm.exe V5.06 update 6 (build 750)
Linker/Locator:  ArmLink.exe V5.06 update 6 (build 750)
Library Manager: ArmAr.exe V5.06 update 6 (build 750)
Hex Converter:   FromElf.exe V5.06 update 6 (build 750)
CPU DLL:         
Dialog DLL:      
Target DLL:      Segger\JL2CM3.dll V2.99.31.0
Dialog DLL:      TCM.DLL V1.36.1.0
 
<h2>Project:</h2>
C:\Users\10496\Desktop\Github\LL_Nyxel\Platform\dev\src\Helmet\nRF5_SDK_17.1.0_ddde560\examples\ble_peripheral\ble_app_uart\pca10040\s132\arm5_no_packs\ble_app_uart_pca10040_s132.uvprojx
Project File Date:  03/26/2026

<h2>Output:</h2>
*** Using Compiler 'V5.06 update 6 (build 750)', folder: 'D:\Keil_v526\ARM\ARMCC\Bin'
Build target 'nrf52832_xxaa'
compiling LL_Timer.c...
compiling LL_HardwareID.c...
compiling LL_Battery.c...
compiling LL_Power.c...
compiling LL_Clock.c...
compiling LL_Debug.c...
compiling LL_ADC.c...
compiling LL_Key.c...
compiling LL_Reset.c...
compiling LL_GPIO.c...
compiling LL_Flash.c...
compiling LL_PWM.c...
compiling esb_timeslot.c...
compiling LL_ESB.c...
compiling LL_Radio.c...
compiling LL_Battery_Charge.c...
compiling LL_BatteryIndicator.c...
compiling LL_LED.c...
compiling LL_Sync.c...
compiling LL_MSG_withRemote.c...
compiling LL_MSG_withAPP.c...
compiling LL_MSG_withDevice.c...
compiling LL_LED_Panel_WS2812.c...
compiling utf.c...
compiling LL_BLE_Observer_nRF52SDK17.c...
compiling LL_Thread.c...
compiling boards.c...
compiling LL_BLE_Broadcaster.c...
compiling bsp.c...
compiling LL_SysMode.c...
compiling bsp_btn_ble.c...
compiling ble_advdata.c...
compiling ble_advertising.c...
compiling LL_Para.c...
compiling ble_conn_params.c...
compiling ble_conn_state.c...
compiling main.c...
compiling ble_link_ctx_manager.c...
compiling ble_srv_common.c...
compiling nrf_ble_gatt.c...
compiling nrf_ble_qwr.c...
compiling nrf_dfu_svci.c...
compiling ble_nus.c...
compiling ble_bas.c...
compiling ble_dfu_unbonded.c...
compiling ble_dis.c...
compiling ble_dfu_bonded.c...
compiling ble_dfu.c...
compiling nrfx_atomic.c...
compiling nrf_drv_uart.c...
compiling nrf_drv_clock.c...
compiling nrfx_clock.c...
compiling nrfx_gpiote.c...
compiling nrf_ble_scan.c...
compiling nrfx_prs.c...
compiling nrfx_uart.c...
compiling nrfx_saadc.c...
compiling app_error.c...
compiling nrfx_uarte.c...
compiling nrfx_pwm.c...
compiling nrfx_timer.c...
compiling app_error_handler_keil.c...
compiling nrfx_ppi.c...
compiling nrf_drv_ppi.c...
compiling app_fifo.c...
compiling app_button.c...
compiling app_error_weak.c...
compiling app_scheduler.c...
compiling app_util_platform.c...
compiling app_timer2.c...
compiling nrf_assert.c...
compiling app_uart_fifo.c...
compiling hardfault_implementation.c...
compiling nrf_atflags.c...
compiling nrf_atfifo.c...
compiling drv_rtc.c...
compiling nrf_atomic.c...
compiling nrf_fprintf.c...
compiling nrf_fprintf_format.c...
compiling nrf_balloc.c...
compiling nrf_memobj.c...
compiling nrf_ringbuf.c...
compiling nrf_section_iter.c...
compiling nrf_pwr_mgmt.c...
compiling nrf_sortlist.c...
compiling nrf_strerror.c...
compiling retarget.c...
compiling SEGGER_RTT_Syscalls_KEIL.c...
compiling nrf_fstorage.c...
compiling nrf_fstorage_sd.c...
compiling crc16.c...
compiling nrf_log_backend_rtt.c...
compiling fds.c...
compiling app_pwm.c...
compiling nrf_log_backend_serial.c...
compiling nrf_log_default_backends.c...
compiling nrf_log_frontend.c...
compiling nrf_log_str_formatter.c...
assembling arm_startup_nrf52.s...
compiling SEGGER_RTT.c...
compiling SEGGER_RTT_printf.c...
compiling nrf_sdh_soc.c...
compiling nrf_sdh.c...
compiling nrf_sdh_ble.c...
compiling system_nrf52.c...
compiling nrf_esb.c...
linking...
Program Size: Code=52720 RO-data=13724 RW-data=2112 ZI-data=26520  
FromELF: creating hex file...
After Build - User command #1: Make_DFUzip_and_ProductHex.bat
C:\Users\10496\Desktop\Github\LL_Nyxel\Platform\dev\src\Helmet\nRF5_SDK_17.1.0_ddde560\examples\ble_peripheral\ble_app_uart\pca10040\s132\arm5_no_packs>cd ..\..\..\..\..\..\..\ 
C:\Users\10496\Desktop\Github\LL_Nyxel\Platform\dev\src\Helmet>call make_ApplicationDFUzip.bat 
C:\Users\10496\Desktop\Github\LL_Nyxel\Platform\dev\src\Helmet>nrfutil pkg generate --hw-version 52 --sd-req 0x101 --application-version 2 --application ../../HEX/Helmet/Nyx_application.hex --key-file private.pem  ../../HEX/Helmet/Nyx_Application.zip 
Zip created at ../../HEX/Helmet/Nyx_Application.zip
C:\Users\10496\Desktop\Github\LL_Nyxel\Platform\dev\src\Helmet>call make_ProductHex.bat 
C:\Users\10496\Desktop\Github\LL_Nyxel\Platform\dev\src\Helmet>nrfutil settings generate --family NRF52 --application ..\..\HEX/Helmet/Nyx_application.hex --application-version 1 --bootloader-version 1 --bl-settings-version 2 settings.hex 
Note: Generating a DFU settings page with backup page included.
This is only required for bootloaders from nRF5 SDK 15.1 and newer.
If you want to skip backup page generation, use --no-backup option.
Generated Bootloader DFU settings .hex file and stored it in: settings.hex
Bootloader DFU Settings:
* File:                     settings.hex
* Family:                   nRF52
* Start Address:            0x0007F000
* CRC:                      0x5785A67D
* Settings Version:         0x00000002 (2)
* App Version:              0x00000001 (1)
* Bootloader Version:       0x00000001 (1)
* Bank Layout:              0x00000000
* Current Bank:             0x00000000
* Application Size:         0x000104E8 (66792 bytes)
* Application CRC:          0xAA18993D
* Bank0 Bank Code:          0x00000001
* Softdevice Size:          0x00000000 (0 bytes)
* Boot Validation CRC:      0xC3AD98CC
* SD Boot Validation Type:  0x00000000 (0)
* App Boot Validation Type: 0x00000001 (1)
C:\Users\10496\Desktop\Github\LL_Nyxel\Platform\dev\src\Helmet>mergehex -m nRF5_SDK_17.1.0_ddde560\components\softdevice\s132\hex\s132_nrf52_7.2.0_softdevice.hex nRF5_SDK_17.1.0_ddde560\examples\dfu\secure_bootloader\pca10040_s132_ble\arm5_no_packs\_build\bootloader.hex settings.hex -o temp.hex 
Parsing input files.
Merging file "s132_nrf52_7.2.0_softdevice.hex" into output.
Merging file "bootloader.hex" into output.
Merging file "settings.hex" into output.
Storing merged file.
C:\Users\10496\Desktop\Github\LL_Nyxel\Platform\dev\src\Helmet>mergehex -m  temp.hex ..\..\HEX\Helmet\Nyx_application.hex  -o  ..\..\HEX\Helmet\Nyx_AllInOne.hex 
Parsing input files.
Merging file "temp.hex" into output.
Merging file "Nyx_application.hex" into output.
Storing merged file.
C:\Users\10496\Desktop\Github\LL_Nyxel\Platform\dev\src\Helmet>del /F/Q temp.hex 
After Build - User command #2: Launch_Download_bat.bat
"..\..\..\..\..\..\..\..\..\HEX\Helmet\Nyx_application.axf" - 0 Error(s), 0 Warning(s).

<h2>Software Packages used:</h2>

Package Vendor: ARM
                http://www.keil.com/pack/ARM.CMSIS.5.6.0.pack
                ARM.CMSIS.5.6.0
                CMSIS (Cortex Microcontroller Software Interface Standard)
   * Component: CORE Version: 5.3.0

Package Vendor: NordicSemiconductor
                http://developer.nordicsemi.com/nRF5_SDK/pieces/nRF_DeviceFamilyPack/NordicSemiconductor.nRF_DeviceFamilyPack.8.52.0.pack
                NordicSemiconductor.nRF_DeviceFamilyPack.8.52.0
                Nordic Semiconductor nRF ARM devices Device Family Pack with BSD license.
   * Component: Startup Version: 8.52.0

<h2>Collection of Component include folders:</h2>
  .\RTE\_nrf52832_xxaa
  D:\Keil_v526\ARM\PACK\ARM\CMSIS\5.6.0\CMSIS\Core\Include
  D:\Keil_v526\ARM\PACK\NordicSemiconductor\nRF_DeviceFamilyPack\8.52.0\Device\Include

<h2>Collection of Component Files used:</h2>

   * Component: ARM::CMSIS:CORE:5.3.0

   * Component: NordicSemiconductor::Device:Startup:8.52.0
      Source file:   Device\Source\arm\arm_startup_nrf52.s
      Source file:   Device\Source\system_nrf52.c
      Include file:  Device\Include\system_nrf52.h
      Include file:  Device\Include\system_nrf.h
Build Time Elapsed:  00:00:17
</pre>
</body>
</html>
